// Jest Snapshot v1, https://goo.gl/fbAQLP

exports[`GithubCollectorsService should fetch githubMetrics 1`] = `
Array [
  Object {
    "additions": 30,
    "author": "someAuthor",
    "createdAt": 2018-12-06T00:00:00.000Z,
    "deletions": 6,
    "filename": "someFileName.txt",
    "id": "c8a773f98009d644df4b8a3784364a61eca72f6629b897f330b67a7c5d99ed93",
    "repositoryName": "someRepoName",
    "sha": "someSha",
  },
]
`;
